86
59
63
88
75
62
57
47
79
74
51
74
70
60
53
56
67
60
51
51
80
59
89
79
64
73
65
65
85
46
57
74
65
63
68
65
50
45
87
58
75
64
62
72
50
40
71
69
62
75
73
68
63
65
63
54
52
65
80
84
65
60
68
54
66
71
79
70
51
60
64
52
77
87
70
79
60
69
53
59
70
74
91
54
69
73
69
57
51
66
80
77
75
51
63
76
58
83
67
39
52
59
68
49
73
48
64
70
63
65
66
67
53
80
41
85
69
78
62
66